------------------------------------------------------------
Timing Analyzer Summary
------------------------------------------------------------

Type  : Slow 1200mV 85C Model Setup 'freq_divider:freq_divider20MHz|clk_out'
Slack : -9.696
TNS   : -295.429

Type  : Slow 1200mV 85C Model Setup 'ili9341_controller:ili9341|data_byte_flag'
Slack : -2.172
TNS   : -78.266

Type  : Slow 1200mV 85C Model Setup 'clk'
Slack : -1.745
TNS   : -2.494

Type  : Slow 1200mV 85C Model Hold 'ili9341_controller:ili9341|data_byte_flag'
Slack : 0.415
TNS   : 0.000

Type  : Slow 1200mV 85C Model Hold 'clk'
Slack : 0.453
TNS   : 0.000

Type  : Slow 1200mV 85C Model Hold 'freq_divider:freq_divider20MHz|clk_out'
Slack : 0.453
TNS   : 0.000

Type  : Slow 1200mV 85C Model Minimum Pulse Width 'ili9341_controller:ili9341|data_byte_flag'
Slack : -3.201
TNS   : -127.711

Type  : Slow 1200mV 85C Model Minimum Pulse Width 'clk'
Slack : -3.000
TNS   : -8.948

Type  : Slow 1200mV 85C Model Minimum Pulse Width 'freq_divider:freq_divider20MHz|clk_out'
Slack : -1.487
TNS   : -107.064

Type  : Slow 1200mV 0C Model Setup 'freq_divider:freq_divider20MHz|clk_out'
Slack : -9.076
TNS   : -272.490

Type  : Slow 1200mV 0C Model Setup 'ili9341_controller:ili9341|data_byte_flag'
Slack : -1.991
TNS   : -69.704

Type  : Slow 1200mV 0C Model Setup 'clk'
Slack : -1.584
TNS   : -2.086

Type  : Slow 1200mV 0C Model Hold 'ili9341_controller:ili9341|data_byte_flag'
Slack : 0.390
TNS   : 0.000

Type  : Slow 1200mV 0C Model Hold 'clk'
Slack : 0.401
TNS   : 0.000

Type  : Slow 1200mV 0C Model Hold 'freq_divider:freq_divider20MHz|clk_out'
Slack : 0.401
TNS   : 0.000

Type  : Slow 1200mV 0C Model Minimum Pulse Width 'ili9341_controller:ili9341|data_byte_flag'
Slack : -3.201
TNS   : -127.711

Type  : Slow 1200mV 0C Model Minimum Pulse Width 'clk'
Slack : -3.000
TNS   : -8.948

Type  : Slow 1200mV 0C Model Minimum Pulse Width 'freq_divider:freq_divider20MHz|clk_out'
Slack : -1.487
TNS   : -107.064

Type  : Fast 1200mV 0C Model Setup 'freq_divider:freq_divider20MHz|clk_out'
Slack : -3.685
TNS   : -93.308

Type  : Fast 1200mV 0C Model Setup 'ili9341_controller:ili9341|data_byte_flag'
Slack : -0.492
TNS   : -9.465

Type  : Fast 1200mV 0C Model Setup 'clk'
Slack : -0.460
TNS   : -0.460

Type  : Fast 1200mV 0C Model Hold 'ili9341_controller:ili9341|data_byte_flag'
Slack : 0.135
TNS   : 0.000

Type  : Fast 1200mV 0C Model Hold 'freq_divider:freq_divider20MHz|clk_out'
Slack : 0.184
TNS   : 0.000

Type  : Fast 1200mV 0C Model Hold 'clk'
Slack : 0.186
TNS   : 0.000

Type  : Fast 1200mV 0C Model Minimum Pulse Width 'clk'
Slack : -3.000
TNS   : -7.256

Type  : Fast 1200mV 0C Model Minimum Pulse Width 'freq_divider:freq_divider20MHz|clk_out'
Slack : -1.000
TNS   : -72.000

Type  : Fast 1200mV 0C Model Minimum Pulse Width 'ili9341_controller:ili9341|data_byte_flag'
Slack : -1.000
TNS   : -49.000

------------------------------------------------------------
