Analysis & Synthesis report for dht
Fri Sep 13 08:52:54 2024
Quartus Prime Version 23.1std.0 Build 991 11/28/2023 SC Lite Edition


---------------------
; Table of Contents ;
---------------------
  1. Legal Notice
  2. Analysis & Synthesis Summary
  3. Analysis & Synthesis Settings
  4. Parallel Compilation
  5. Analysis & Synthesis Source Files Read
  6. Analysis & Synthesis Resource Usage Summary
  7. Analysis & Synthesis Resource Utilization by Entity
  8. State Machine - |top|dht:u1|state
  9. Registers Removed During Synthesis
 10. General Register Statistics
 11. Inverted Register Statistics
 12. Multiplexer Restructuring Statistics (Restructuring Performed)
 13. Parameter Settings for User Entity Instance: dht:u1
 14. Parameter Settings for User Entity Instance: dht:u1|divisor:aat
 15. Parameter Settings for User Entity Instance: contador:u2
 16. Parameter Settings for User Entity Instance: contador:u2|divisor:aat
 17. Parameter Settings for User Entity Instance: contadorFR:u3
 18. Parameter Settings for User Entity Instance: contadorFR:u3|divisor:aat
 19. Post-Synthesis Netlist Statistics for Top Partition
 20. Elapsed Time Per Partition
 21. Analysis & Synthesis Messages
 22. Analysis & Synthesis Suppressed Messages



----------------
; Legal Notice ;
----------------
Copyright (C) 2023  Intel Corporation. All rights reserved.
Your use of Intel Corporation's design tools, logic functions 
and other software and tools, and any partner logic 
functions, and any output files from any of the foregoing 
(including device programming or simulation files), and any 
associated documentation or information are expressly subject 
to the terms and conditions of the Intel Program License 
Subscription Agreement, the Intel Quartus Prime License Agreement,
the Intel FPGA IP License Agreement, or other applicable license
agreement, including, without limitation, that your use is for
the sole purpose of programming logic devices manufactured by
Intel and sold by Intel or its authorized distributors.  Please
refer to the applicable agreement for further details, at
https://fpgasoftware.intel.com/eula.



+-------------------------------------------------------------------------------------+
; Analysis & Synthesis Summary                                                        ;
+------------------------------------+------------------------------------------------+
; Analysis & Synthesis Status        ; Successful - Fri Sep 13 08:52:54 2024          ;
; Quartus Prime Version              ; 23.1std.0 Build 991 11/28/2023 SC Lite Edition ;
; Revision Name                      ; dht                                            ;
; Top-level Entity Name              ; top                                            ;
; Family                             ; Cyclone IV E                                   ;
; Total logic elements               ; 285                                            ;
;     Total combinational functions  ; 261                                            ;
;     Dedicated logic registers      ; 178                                            ;
; Total registers                    ; 178                                            ;
; Total pins                         ; 9                                              ;
; Total virtual pins                 ; 0                                              ;
; Total memory bits                  ; 0                                              ;
; Embedded Multiplier 9-bit elements ; 0                                              ;
; Total PLLs                         ; 0                                              ;
+------------------------------------+------------------------------------------------+


+------------------------------------------------------------------------------------------------------------+
; Analysis & Synthesis Settings                                                                              ;
+------------------------------------------------------------------+--------------------+--------------------+
; Option                                                           ; Setting            ; Default Value      ;
+------------------------------------------------------------------+--------------------+--------------------+
; Device                                                           ; EP4CE10E22C8       ;                    ;
; Top-level entity name                                            ; top                ; dht                ;
; Family name                                                      ; Cyclone IV E       ; Cyclone V          ;
; Use smart compilation                                            ; Off                ; Off                ;
; Enable parallel Assembler and Timing Analyzer during compilation ; On                 ; On                 ;
; Enable compact report table                                      ; Off                ; Off                ;
; Restructure Multiplexers                                         ; Auto               ; Auto               ;
; Create Debugging Nodes for IP Cores                              ; Off                ; Off                ;
; Preserve fewer node names                                        ; On                 ; On                 ;
; Intel FPGA IP Evaluation Mode                                    ; Enable             ; Enable             ;
; Verilog Version                                                  ; Verilog_2001       ; Verilog_2001       ;
; VHDL Version                                                     ; VHDL_1993          ; VHDL_1993          ;
; State Machine Processing                                         ; Auto               ; Auto               ;
; Safe State Machine                                               ; Off                ; Off                ;
; Extract Verilog State Machines                                   ; On                 ; On                 ;
; Extract VHDL State Machines                                      ; On                 ; On                 ;
; Ignore Verilog initial constructs                                ; Off                ; Off                ;
; Iteration limit for constant Verilog loops                       ; 5000               ; 5000               ;
; Iteration limit for non-constant Verilog loops                   ; 250                ; 250                ;
; Add Pass-Through Logic to Inferred RAMs                          ; On                 ; On                 ;
; Infer RAMs from Raw Logic                                        ; On                 ; On                 ;
; Parallel Synthesis                                               ; On                 ; On                 ;
; DSP Block Balancing                                              ; Auto               ; Auto               ;
; NOT Gate Push-Back                                               ; On                 ; On                 ;
; Power-Up Don't Care                                              ; On                 ; On                 ;
; Remove Redundant Logic Cells                                     ; Off                ; Off                ;
; Remove Duplicate Registers                                       ; On                 ; On                 ;
; Ignore CARRY Buffers                                             ; Off                ; Off                ;
; Ignore CASCADE Buffers                                           ; Off                ; Off                ;
; Ignore GLOBAL Buffers                                            ; Off                ; Off                ;
; Ignore ROW GLOBAL Buffers                                        ; Off                ; Off                ;
; Ignore LCELL Buffers                                             ; Off                ; Off                ;
; Ignore SOFT Buffers                                              ; On                 ; On                 ;
; Limit AHDL Integers to 32 Bits                                   ; Off                ; Off                ;
; Optimization Technique                                           ; Balanced           ; Balanced           ;
; Carry Chain Length                                               ; 70                 ; 70                 ;
; Auto Carry Chains                                                ; On                 ; On                 ;
; Auto Open-Drain Pins                                             ; On                 ; On                 ;
; Perform WYSIWYG Primitive Resynthesis                            ; Off                ; Off                ;
; Auto ROM Replacement                                             ; On                 ; On                 ;
; Auto RAM Replacement                                             ; On                 ; On                 ;
; Auto DSP Block Replacement                                       ; On                 ; On                 ;
; Auto Shift Register Replacement                                  ; Auto               ; Auto               ;
; Allow Shift Register Merging across Hierarchies                  ; Auto               ; Auto               ;
; Auto Clock Enable Replacement                                    ; On                 ; On                 ;
; Strict RAM Replacement                                           ; Off                ; Off                ;
; Allow Synchronous Control Signals                                ; On                 ; On                 ;
; Force Use of Synchronous Clear Signals                           ; Off                ; Off                ;
; Auto RAM Block Balancing                                         ; On                 ; On                 ;
; Auto RAM to Logic Cell Conversion                                ; Off                ; Off                ;
; Auto Resource Sharing                                            ; Off                ; Off                ;
; Allow Any RAM Size For Recognition                               ; Off                ; Off                ;
; Allow Any ROM Size For Recognition                               ; Off                ; Off                ;
; Allow Any Shift Register Size For Recognition                    ; Off                ; Off                ;
; Use LogicLock Constraints during Resource Balancing              ; On                 ; On                 ;
; Ignore translate_off and synthesis_off directives                ; Off                ; Off                ;
; Timing-Driven Synthesis                                          ; On                 ; On                 ;
; Report Parameter Settings                                        ; On                 ; On                 ;
; Report Source Assignments                                        ; On                 ; On                 ;
; Report Connectivity Checks                                       ; On                 ; On                 ;
; Ignore Maximum Fan-Out Assignments                               ; Off                ; Off                ;
; Synchronization Register Chain Length                            ; 2                  ; 2                  ;
; Power Optimization During Synthesis                              ; Normal compilation ; Normal compilation ;
; HDL message level                                                ; Level2             ; Level2             ;
; Suppress Register Optimization Related Messages                  ; Off                ; Off                ;
; Number of Removed Registers Reported in Synthesis Report         ; 5000               ; 5000               ;
; Number of Swept Nodes Reported in Synthesis Report               ; 5000               ; 5000               ;
; Number of Inverted Registers Reported in Synthesis Report        ; 100                ; 100                ;
; Clock MUX Protection                                             ; On                 ; On                 ;
; Auto Gated Clock Conversion                                      ; Off                ; Off                ;
; Block Design Naming                                              ; Auto               ; Auto               ;
; SDC constraint protection                                        ; Off                ; Off                ;
; Synthesis Effort                                                 ; Auto               ; Auto               ;
; Shift Register Replacement - Allow Asynchronous Clear Signal     ; On                 ; On                 ;
; Pre-Mapping Resynthesis Optimization                             ; Off                ; Off                ;
; Analysis & Synthesis Message Level                               ; Medium             ; Medium             ;
; Disable Register Merging Across Hierarchies                      ; Auto               ; Auto               ;
; Resource Aware Inference For Block RAM                           ; On                 ; On                 ;
+------------------------------------------------------------------+--------------------+--------------------+


+------------------------------------------+
; Parallel Compilation                     ;
+----------------------------+-------------+
; Processors                 ; Number      ;
+----------------------------+-------------+
; Number detected on machine ; 4           ;
; Maximum allowed            ; 2           ;
;                            ;             ;
; Average used               ; 1.00        ;
; Maximum used               ; 2           ;
;                            ;             ;
; Usage by Processor         ; % Time Used ;
;     Processor 1            ; 100.0%      ;
;     Processor 2            ;   0.0%      ;
+----------------------------+-------------+


+-------------------------------------------------------------------------------------------------------------------------------------------------------------------------------------------+
; Analysis & Synthesis Source Files Read                                                                                                                                                    ;
+----------------------------------+-----------------+------------------------+---------------------------------------------------------------------------------------------------+---------+
; File Name with User-Entered Path ; Used in Netlist ; File Type              ; File Name with Absolute Path                                                                      ; Library ;
+----------------------------------+-----------------+------------------------+---------------------------------------------------------------------------------------------------+---------+
; contadorFR.v                     ; yes             ; User Verilog HDL File  ; C:/Users/crist/OneDrive/Documentos/GitHub/entrega-1-proyecto-grupo21-2024-1/Sensores/contadorFR.v ;         ;
; contador.v                       ; yes             ; User Verilog HDL File  ; C:/Users/crist/OneDrive/Documentos/GitHub/entrega-1-proyecto-grupo21-2024-1/Sensores/contador.v   ;         ;
; divisor.v                        ; yes             ; User Verilog HDL File  ; C:/Users/crist/OneDrive/Documentos/GitHub/entrega-1-proyecto-grupo21-2024-1/Sensores/divisor.v    ;         ;
; dht.v                            ; yes             ; User Verilog HDL File  ; C:/Users/crist/OneDrive/Documentos/GitHub/entrega-1-proyecto-grupo21-2024-1/Sensores/dht.v        ;         ;
; top.v                            ; yes             ; User Verilog HDL File  ; C:/Users/crist/OneDrive/Documentos/GitHub/entrega-1-proyecto-grupo21-2024-1/Sensores/top.v        ;         ;
+----------------------------------+-----------------+------------------------+---------------------------------------------------------------------------------------------------+---------+


+---------------------------------------------------------+
; Analysis & Synthesis Resource Usage Summary             ;
+---------------------------------------------+-----------+
; Resource                                    ; Usage     ;
+---------------------------------------------+-----------+
; Estimated Total logic elements              ; 285       ;
;                                             ;           ;
; Total combinational functions               ; 261       ;
; Logic element usage by number of LUT inputs ;           ;
;     -- 4 input functions                    ; 90        ;
;     -- 3 input functions                    ; 17        ;
;     -- <=2 input functions                  ; 154       ;
;                                             ;           ;
; Logic elements by mode                      ;           ;
;     -- normal mode                          ; 128       ;
;     -- arithmetic mode                      ; 133       ;
;                                             ;           ;
; Total registers                             ; 178       ;
;     -- Dedicated logic registers            ; 178       ;
;     -- I/O registers                        ; 0         ;
;                                             ;           ;
; I/O pins                                    ; 9         ;
;                                             ;           ;
; Embedded Multiplier 9-bit elements          ; 0         ;
;                                             ;           ;
; Maximum fan-out node                        ; clk~input ;
; Maximum fan-out                             ; 103       ;
; Total fan-out                               ; 1373      ;
; Average fan-out                             ; 3.00      ;
+---------------------------------------------+-----------+


+---------------------------------------------------------------------------------------------------------------------------------------------------------------------------------------------------------------------+
; Analysis & Synthesis Resource Utilization by Entity                                                                                                                                                                 ;
+----------------------------+---------------------+---------------------------+-------------+--------------+---------+-----------+------+--------------+--------------------------------+-------------+--------------+
; Compilation Hierarchy Node ; Combinational ALUTs ; Dedicated Logic Registers ; Memory Bits ; DSP Elements ; DSP 9x9 ; DSP 18x18 ; Pins ; Virtual Pins ; Full Hierarchy Name            ; Entity Name ; Library Name ;
+----------------------------+---------------------+---------------------------+-------------+--------------+---------+-----------+------+--------------+--------------------------------+-------------+--------------+
; |top                       ; 261 (0)             ; 178 (0)                   ; 0           ; 0            ; 0       ; 0         ; 9    ; 0            ; |top                           ; top         ; work         ;
;    |contador:u2|           ; 64 (34)             ; 49 (25)                   ; 0           ; 0            ; 0       ; 0         ; 0    ; 0            ; |top|contador:u2               ; contador    ; work         ;
;       |divisor:aat|        ; 30 (30)             ; 24 (24)                   ; 0           ; 0            ; 0       ; 0         ; 0    ; 0            ; |top|contador:u2|divisor:aat   ; divisor     ; work         ;
;    |contadorFR:u3|         ; 35 (34)             ; 26 (25)                   ; 0           ; 0            ; 0       ; 0         ; 0    ; 0            ; |top|contadorFR:u3             ; contadorFR  ; work         ;
;       |divisor:aat|        ; 1 (1)               ; 1 (1)                     ; 0           ; 0            ; 0       ; 0         ; 0    ; 0            ; |top|contadorFR:u3|divisor:aat ; divisor     ; work         ;
;    |dht:u1|                ; 162 (153)           ; 103 (102)                 ; 0           ; 0            ; 0       ; 0         ; 0    ; 0            ; |top|dht:u1                    ; dht         ; work         ;
;       |divisor:aat|        ; 9 (9)               ; 1 (1)                     ; 0           ; 0            ; 0       ; 0         ; 0    ; 0            ; |top|dht:u1|divisor:aat        ; divisor     ; work         ;
+----------------------------+---------------------+---------------------------+-------------+--------------+---------+-----------+------+--------------+--------------------------------+-------------+--------------+
Note: For table entries with two numbers listed, the numbers in parentheses indicate the number of resources of the given type used by the specific entity alone. The numbers listed outside of parentheses indicate the total resources of the given type used by the specific entity and all of its sub-entities in the hierarchy.


Encoding Type:  One-Hot
+-----------------------------------------------------------------------------------------------------------------------------------------------------------------------+
; State Machine - |top|dht:u1|state                                                                                                                                     ;
+--------------------------+--------------------+------------+-----------------+-------------------------+--------------------------+--------------------+--------------+
; Name                     ; state.PROCESS_DATA ; state.WAIT ; state.READ_DATA ; state.WAIT_RESPONSE_LOW ; state.WAIT_RESPONSE_HIGH ; state.START_SIGNAL ; state.ENABLE ;
+--------------------------+--------------------+------------+-----------------+-------------------------+--------------------------+--------------------+--------------+
; state.ENABLE             ; 0                  ; 0          ; 0               ; 0                       ; 0                        ; 0                  ; 0            ;
; state.START_SIGNAL       ; 0                  ; 0          ; 0               ; 0                       ; 0                        ; 1                  ; 1            ;
; state.WAIT_RESPONSE_HIGH ; 0                  ; 0          ; 0               ; 0                       ; 1                        ; 0                  ; 1            ;
; state.WAIT_RESPONSE_LOW  ; 0                  ; 0          ; 0               ; 1                       ; 0                        ; 0                  ; 1            ;
; state.READ_DATA          ; 0                  ; 0          ; 1               ; 0                       ; 0                        ; 0                  ; 1            ;
; state.WAIT               ; 0                  ; 1          ; 0               ; 0                       ; 0                        ; 0                  ; 1            ;
; state.PROCESS_DATA       ; 1                  ; 0          ; 0               ; 0                       ; 0                        ; 0                  ; 1            ;
+--------------------------+--------------------+------------+-----------------+-------------------------+--------------------------+--------------------+--------------+


+----------------------------------------------------------------------------------------+
; Registers Removed During Synthesis                                                     ;
+----------------------------------------+-----------------------------------------------+
; Register name                          ; Reason for Removal                            ;
+----------------------------------------+-----------------------------------------------+
; dht:u1|valid_data                      ; Stuck at VCC due to stuck port data_in        ;
; contadorFR:u3|divisor:aat|count[11]    ; Merged with contador:u2|divisor:aat|count[11] ;
; dht:u1|divisor:aat|count[11]           ; Merged with contador:u2|divisor:aat|count[11] ;
; contadorFR:u3|divisor:aat|count[8]     ; Merged with contador:u2|divisor:aat|count[8]  ;
; dht:u1|divisor:aat|count[8]            ; Merged with contador:u2|divisor:aat|count[8]  ;
; contadorFR:u3|divisor:aat|count[7]     ; Merged with contador:u2|divisor:aat|count[7]  ;
; dht:u1|divisor:aat|count[7]            ; Merged with contador:u2|divisor:aat|count[7]  ;
; contadorFR:u3|divisor:aat|count[6]     ; Merged with contador:u2|divisor:aat|count[6]  ;
; dht:u1|divisor:aat|count[6]            ; Merged with contador:u2|divisor:aat|count[6]  ;
; contadorFR:u3|divisor:aat|count[2]     ; Merged with contador:u2|divisor:aat|count[2]  ;
; dht:u1|divisor:aat|count[2]            ; Merged with contador:u2|divisor:aat|count[2]  ;
; contadorFR:u3|divisor:aat|count[22]    ; Merged with contador:u2|divisor:aat|count[22] ;
; dht:u1|divisor:aat|count[22]           ; Merged with contador:u2|divisor:aat|count[22] ;
; contadorFR:u3|divisor:aat|count[21]    ; Merged with contador:u2|divisor:aat|count[21] ;
; dht:u1|divisor:aat|count[21]           ; Merged with contador:u2|divisor:aat|count[21] ;
; contadorFR:u3|divisor:aat|count[20]    ; Merged with contador:u2|divisor:aat|count[20] ;
; dht:u1|divisor:aat|count[20]           ; Merged with contador:u2|divisor:aat|count[20] ;
; contadorFR:u3|divisor:aat|count[19]    ; Merged with contador:u2|divisor:aat|count[19] ;
; dht:u1|divisor:aat|count[19]           ; Merged with contador:u2|divisor:aat|count[19] ;
; contadorFR:u3|divisor:aat|count[18]    ; Merged with contador:u2|divisor:aat|count[18] ;
; dht:u1|divisor:aat|count[18]           ; Merged with contador:u2|divisor:aat|count[18] ;
; contadorFR:u3|divisor:aat|count[17]    ; Merged with contador:u2|divisor:aat|count[17] ;
; dht:u1|divisor:aat|count[17]           ; Merged with contador:u2|divisor:aat|count[17] ;
; contadorFR:u3|divisor:aat|count[16]    ; Merged with contador:u2|divisor:aat|count[16] ;
; dht:u1|divisor:aat|count[16]           ; Merged with contador:u2|divisor:aat|count[16] ;
; contadorFR:u3|divisor:aat|count[15]    ; Merged with contador:u2|divisor:aat|count[15] ;
; dht:u1|divisor:aat|count[15]           ; Merged with contador:u2|divisor:aat|count[15] ;
; contadorFR:u3|divisor:aat|count[14]    ; Merged with contador:u2|divisor:aat|count[14] ;
; dht:u1|divisor:aat|count[14]           ; Merged with contador:u2|divisor:aat|count[14] ;
; contadorFR:u3|divisor:aat|count[13]    ; Merged with contador:u2|divisor:aat|count[13] ;
; dht:u1|divisor:aat|count[13]           ; Merged with contador:u2|divisor:aat|count[13] ;
; contadorFR:u3|divisor:aat|count[12]    ; Merged with contador:u2|divisor:aat|count[12] ;
; dht:u1|divisor:aat|count[12]           ; Merged with contador:u2|divisor:aat|count[12] ;
; contadorFR:u3|divisor:aat|count[10]    ; Merged with contador:u2|divisor:aat|count[10] ;
; dht:u1|divisor:aat|count[10]           ; Merged with contador:u2|divisor:aat|count[10] ;
; contadorFR:u3|divisor:aat|count[9]     ; Merged with contador:u2|divisor:aat|count[9]  ;
; dht:u1|divisor:aat|count[9]            ; Merged with contador:u2|divisor:aat|count[9]  ;
; contadorFR:u3|divisor:aat|count[5]     ; Merged with contador:u2|divisor:aat|count[5]  ;
; dht:u1|divisor:aat|count[5]            ; Merged with contador:u2|divisor:aat|count[5]  ;
; contadorFR:u3|divisor:aat|count[4]     ; Merged with contador:u2|divisor:aat|count[4]  ;
; dht:u1|divisor:aat|count[4]            ; Merged with contador:u2|divisor:aat|count[4]  ;
; contadorFR:u3|divisor:aat|count[3]     ; Merged with contador:u2|divisor:aat|count[3]  ;
; dht:u1|divisor:aat|count[3]            ; Merged with contador:u2|divisor:aat|count[3]  ;
; contadorFR:u3|divisor:aat|count[1]     ; Merged with contador:u2|divisor:aat|count[1]  ;
; dht:u1|divisor:aat|count[1]            ; Merged with contador:u2|divisor:aat|count[1]  ;
; contadorFR:u3|divisor:aat|count[0]     ; Merged with contador:u2|divisor:aat|count[0]  ;
; dht:u1|divisor:aat|count[0]            ; Merged with contador:u2|divisor:aat|count[0]  ;
; dht:u1|aju_t[0]                        ; Lost fanout                                   ;
; dht:u1|state~11                        ; Lost fanout                                   ;
; dht:u1|state~12                        ; Lost fanout                                   ;
; dht:u1|state~13                        ; Lost fanout                                   ;
; dht:u1|state~14                        ; Lost fanout                                   ;
; dht:u1|state.WAIT_RESPONSE_HIGH        ; Stuck at GND due to stuck port data_in        ;
; Total Number of Removed Registers = 53 ;                                               ;
+----------------------------------------+-----------------------------------------------+


+------------------------------------------------------+
; General Register Statistics                          ;
+----------------------------------------------+-------+
; Statistic                                    ; Value ;
+----------------------------------------------+-------+
; Total registers                              ; 178   ;
; Number of registers using Synchronous Clear  ; 104   ;
; Number of registers using Synchronous Load   ; 0     ;
; Number of registers using Asynchronous Clear ; 46    ;
; Number of registers using Asynchronous Load  ; 0     ;
; Number of registers using Clock Enable       ; 143   ;
; Number of registers using Preset             ; 0     ;
+----------------------------------------------+-------+


+--------------------------------------------------+
; Inverted Register Statistics                     ;
+----------------------------------------+---------+
; Inverted Register                      ; Fan out ;
+----------------------------------------+---------+
; dht:u1|led                             ; 2       ;
; dht:u1|dht11_out                       ; 2       ;
; Total number of inverted registers = 2 ;         ;
+----------------------------------------+---------+


+----------------------------------------------------------------------------------------------------------------------------------------------+
; Multiplexer Restructuring Statistics (Restructuring Performed)                                                                               ;
+--------------------+-----------+---------------+----------------------+------------------------+------------+--------------------------------+
; Multiplexer Inputs ; Bus Width ; Baseline Area ; Area if Restructured ; Saving if Restructured ; Registered ; Example Multiplexer Output     ;
+--------------------+-----------+---------------+----------------------+------------------------+------------+--------------------------------+
; 3:1                ; 6 bits    ; 12 LEs        ; 6 LEs                ; 6 LEs                  ; Yes        ; |top|dht:u1|bit_index[0]       ;
; 3:1                ; 24 bits   ; 48 LEs        ; 24 LEs               ; 24 LEs                 ; Yes        ; |top|dht:u1|counter[6]         ;
; 4:1                ; 24 bits   ; 48 LEs        ; 24 LEs               ; 24 LEs                 ; Yes        ; |top|contador:u2|counter[23]   ;
; 4:1                ; 24 bits   ; 48 LEs        ; 24 LEs               ; 24 LEs                 ; Yes        ; |top|contadorFR:u3|counter[17] ;
; 16:1               ; 32 bits   ; 320 LEs       ; 32 LEs               ; 288 LEs                ; Yes        ; |top|dht:u1|timer[7]           ;
; 14:1               ; 2 bits    ; 18 LEs        ; 8 LEs                ; 10 LEs                 ; No         ; |top|dht:u1|Selector38         ;
; 14:1               ; 5 bits    ; 45 LEs        ; 25 LEs               ; 20 LEs                 ; No         ; |top|dht:u1|Selector39         ;
+--------------------+-----------+---------------+----------------------+------------------------+------------+--------------------------------+


+-----------------------------------------------------+
; Parameter Settings for User Entity Instance: dht:u1 ;
+----------------+----------+-------------------------+
; Parameter Name ; Value    ; Type                    ;
+----------------+----------+-------------------------+
; MAX_COUNT      ; 10000000 ; Signed Integer          ;
+----------------+----------+-------------------------+
Note: In order to hide this table in the UI and the text report file, please set the "Show Parameter Settings in Synthesis Report" option in "Analysis and Synthesis Settings -> More Settings" to "Off".


+-----------------------------------------------------------------+
; Parameter Settings for User Entity Instance: dht:u1|divisor:aat ;
+----------------+----------+-------------------------------------+
; Parameter Name ; Value    ; Type                                ;
+----------------+----------+-------------------------------------+
; frecuencia     ; 50000000 ; Signed Integer                      ;
; freq_out       ; 10000    ; Signed Integer                      ;
; max_count      ; 2500     ; Signed Integer                      ;
+----------------+----------+-------------------------------------+
Note: In order to hide this table in the UI and the text report file, please set the "Show Parameter Settings in Synthesis Report" option in "Analysis and Synthesis Settings -> More Settings" to "Off".


+----------------------------------------------------------+
; Parameter Settings for User Entity Instance: contador:u2 ;
+----------------+----------+------------------------------+
; Parameter Name ; Value    ; Type                         ;
+----------------+----------+------------------------------+
; MAX_COUNT      ; 10000000 ; Signed Integer               ;
+----------------+----------+------------------------------+
Note: In order to hide this table in the UI and the text report file, please set the "Show Parameter Settings in Synthesis Report" option in "Analysis and Synthesis Settings -> More Settings" to "Off".


+----------------------------------------------------------------------+
; Parameter Settings for User Entity Instance: contador:u2|divisor:aat ;
+----------------+----------+------------------------------------------+
; Parameter Name ; Value    ; Type                                     ;
+----------------+----------+------------------------------------------+
; frecuencia     ; 50000000 ; Signed Integer                           ;
; freq_out       ; 10000    ; Signed Integer                           ;
; max_count      ; 2500     ; Signed Integer                           ;
+----------------+----------+------------------------------------------+
Note: In order to hide this table in the UI and the text report file, please set the "Show Parameter Settings in Synthesis Report" option in "Analysis and Synthesis Settings -> More Settings" to "Off".


+------------------------------------------------------------+
; Parameter Settings for User Entity Instance: contadorFR:u3 ;
+----------------+----------+--------------------------------+
; Parameter Name ; Value    ; Type                           ;
+----------------+----------+--------------------------------+
; MAX_COUNT      ; 10000000 ; Signed Integer                 ;
+----------------+----------+--------------------------------+
Note: In order to hide this table in the UI and the text report file, please set the "Show Parameter Settings in Synthesis Report" option in "Analysis and Synthesis Settings -> More Settings" to "Off".


+------------------------------------------------------------------------+
; Parameter Settings for User Entity Instance: contadorFR:u3|divisor:aat ;
+----------------+----------+--------------------------------------------+
; Parameter Name ; Value    ; Type                                       ;
+----------------+----------+--------------------------------------------+
; frecuencia     ; 50000000 ; Signed Integer                             ;
; freq_out       ; 10000    ; Signed Integer                             ;
; max_count      ; 2500     ; Signed Integer                             ;
+----------------+----------+--------------------------------------------+
Note: In order to hide this table in the UI and the text report file, please set the "Show Parameter Settings in Synthesis Report" option in "Analysis and Synthesis Settings -> More Settings" to "Off".


+-----------------------------------------------------+
; Post-Synthesis Netlist Statistics for Top Partition ;
+-----------------------+-----------------------------+
; Type                  ; Count                       ;
+-----------------------+-----------------------------+
; boundary_port         ; 9                           ;
; cycloneiii_ff         ; 178                         ;
;     CLR               ; 11                          ;
;     ENA               ; 36                          ;
;     ENA CLR           ; 3                           ;
;     ENA CLR SCLR      ; 32                          ;
;     ENA SCLR          ; 72                          ;
;     plain             ; 24                          ;
; cycloneiii_io_obuf    ; 1                           ;
; cycloneiii_lcell_comb ; 263                         ;
;     arith             ; 133                         ;
;         2 data inputs ; 132                         ;
;         3 data inputs ; 1                           ;
;     normal            ; 130                         ;
;         0 data inputs ; 1                           ;
;         1 data inputs ; 11                          ;
;         2 data inputs ; 12                          ;
;         3 data inputs ; 16                          ;
;         4 data inputs ; 90                          ;
;                       ;                             ;
; Max LUT depth         ; 9.00                        ;
; Average LUT depth     ; 3.43                        ;
+-----------------------+-----------------------------+


+-------------------------------+
; Elapsed Time Per Partition    ;
+----------------+--------------+
; Partition Name ; Elapsed Time ;
+----------------+--------------+
; Top            ; 00:00:01     ;
+----------------+--------------+


+-------------------------------+
; Analysis & Synthesis Messages ;
+-------------------------------+
Info: *******************************************************************
Info: Running Quartus Prime Analysis & Synthesis
    Info: Version 23.1std.0 Build 991 11/28/2023 SC Lite Edition
    Info: Processing started: Fri Sep 13 08:52:34 2024
Info: Command: quartus_map --read_settings_files=on --write_settings_files=off dht -c dht
Warning (18236): Number of processors has not been specified which may cause overloading on shared machines.  Set the global assignment NUM_PARALLEL_PROCESSORS in your QSF to an appropriate value for best performance.
Info (20030): Parallel compilation is enabled and will use 2 of the 2 processors detected
Info (12021): Found 1 design units, including 1 entities, in source file contadorfr.v
    Info (12023): Found entity 1: contadorFR File: C:/Users/crist/OneDrive/Documentos/GitHub/entrega-1-proyecto-grupo21-2024-1/Sensores/contadorFR.v Line: 3
Info (12021): Found 1 design units, including 1 entities, in source file contador.v
    Info (12023): Found entity 1: contador File: C:/Users/crist/OneDrive/Documentos/GitHub/entrega-1-proyecto-grupo21-2024-1/Sensores/contador.v Line: 3
Info (12021): Found 1 design units, including 1 entities, in source file divisor.v
    Info (12023): Found entity 1: divisor File: C:/Users/crist/OneDrive/Documentos/GitHub/entrega-1-proyecto-grupo21-2024-1/Sensores/divisor.v Line: 1
Info (12021): Found 1 design units, including 1 entities, in source file dht_tb.v
    Info (12023): Found entity 1: dht_TB File: C:/Users/crist/OneDrive/Documentos/GitHub/entrega-1-proyecto-grupo21-2024-1/Sensores/dht_TB.v Line: 4
Info (12021): Found 1 design units, including 1 entities, in source file display_controller.v
    Info (12023): Found entity 1: display_controller File: C:/Users/crist/OneDrive/Documentos/GitHub/entrega-1-proyecto-grupo21-2024-1/Sensores/display_controller.v Line: 3
Info (12021): Found 1 design units, including 1 entities, in source file dht.v
    Info (12023): Found entity 1: dht File: C:/Users/crist/OneDrive/Documentos/GitHub/entrega-1-proyecto-grupo21-2024-1/Sensores/dht.v Line: 4
Info (12021): Found 1 design units, including 1 entities, in source file bcd_to_7seg.v
    Info (12023): Found entity 1: bcd_to_7seg File: C:/Users/crist/OneDrive/Documentos/GitHub/entrega-1-proyecto-grupo21-2024-1/Sensores/bcd_to_7seg.v Line: 1
Info (12021): Found 1 design units, including 1 entities, in source file top.v
    Info (12023): Found entity 1: top File: C:/Users/crist/OneDrive/Documentos/GitHub/entrega-1-proyecto-grupo21-2024-1/Sensores/top.v Line: 1
Warning (10236): Verilog HDL Implicit Net warning at dht.v(68): created implicit net for "clk2" File: C:/Users/crist/OneDrive/Documentos/GitHub/entrega-1-proyecto-grupo21-2024-1/Sensores/dht.v Line: 68
Info (12127): Elaborating entity "top" for the top level hierarchy
Info (12128): Elaborating entity "dht" for hierarchy "dht:u1" File: C:/Users/crist/OneDrive/Documentos/GitHub/entrega-1-proyecto-grupo21-2024-1/Sensores/top.v Line: 24
Warning (10036): Verilog HDL or VHDL warning at dht.v(24): object "humidity" assigned a value but never read File: C:/Users/crist/OneDrive/Documentos/GitHub/entrega-1-proyecto-grupo21-2024-1/Sensores/dht.v Line: 24
Warning (10036): Verilog HDL or VHDL warning at dht.v(25): object "temperature" assigned a value but never read File: C:/Users/crist/OneDrive/Documentos/GitHub/entrega-1-proyecto-grupo21-2024-1/Sensores/dht.v Line: 25
Warning (10855): Verilog HDL warning at dht.v(49): initial value for variable humidity should be constant File: C:/Users/crist/OneDrive/Documentos/GitHub/entrega-1-proyecto-grupo21-2024-1/Sensores/dht.v Line: 49
Warning (10855): Verilog HDL warning at dht.v(49): initial value for variable temperature should be constant File: C:/Users/crist/OneDrive/Documentos/GitHub/entrega-1-proyecto-grupo21-2024-1/Sensores/dht.v Line: 49
Warning (10230): Verilog HDL assignment warning at dht.v(76): truncated value with size 32 to match size of target (24) File: C:/Users/crist/OneDrive/Documentos/GitHub/entrega-1-proyecto-grupo21-2024-1/Sensores/dht.v Line: 76
Warning (10230): Verilog HDL assignment warning at dht.v(148): truncated value with size 32 to match size of target (6) File: C:/Users/crist/OneDrive/Documentos/GitHub/entrega-1-proyecto-grupo21-2024-1/Sensores/dht.v Line: 148
Warning (10230): Verilog HDL assignment warning at dht.v(169): truncated value with size 32 to match size of target (4) File: C:/Users/crist/OneDrive/Documentos/GitHub/entrega-1-proyecto-grupo21-2024-1/Sensores/dht.v Line: 169
Warning (10230): Verilog HDL assignment warning at dht.v(170): truncated value with size 32 to match size of target (4) File: C:/Users/crist/OneDrive/Documentos/GitHub/entrega-1-proyecto-grupo21-2024-1/Sensores/dht.v Line: 170
Warning (10230): Verilog HDL assignment warning at dht.v(173): truncated value with size 32 to match size of target (4) File: C:/Users/crist/OneDrive/Documentos/GitHub/entrega-1-proyecto-grupo21-2024-1/Sensores/dht.v Line: 173
Warning (10230): Verilog HDL assignment warning at dht.v(174): truncated value with size 32 to match size of target (4) File: C:/Users/crist/OneDrive/Documentos/GitHub/entrega-1-proyecto-grupo21-2024-1/Sensores/dht.v Line: 174
Info (12128): Elaborating entity "divisor" for hierarchy "dht:u1|divisor:aat" File: C:/Users/crist/OneDrive/Documentos/GitHub/entrega-1-proyecto-grupo21-2024-1/Sensores/dht.v Line: 69
Warning (10230): Verilog HDL assignment warning at divisor.v(23): truncated value with size 32 to match size of target (23) File: C:/Users/crist/OneDrive/Documentos/GitHub/entrega-1-proyecto-grupo21-2024-1/Sensores/divisor.v Line: 23
Info (12128): Elaborating entity "contador" for hierarchy "contador:u2" File: C:/Users/crist/OneDrive/Documentos/GitHub/entrega-1-proyecto-grupo21-2024-1/Sensores/top.v Line: 31
Warning (10230): Verilog HDL assignment warning at contador.v(30): truncated value with size 32 to match size of target (24) File: C:/Users/crist/OneDrive/Documentos/GitHub/entrega-1-proyecto-grupo21-2024-1/Sensores/contador.v Line: 30
Info (12128): Elaborating entity "contadorFR" for hierarchy "contadorFR:u3" File: C:/Users/crist/OneDrive/Documentos/GitHub/entrega-1-proyecto-grupo21-2024-1/Sensores/top.v Line: 38
Warning (10230): Verilog HDL assignment warning at contadorFR.v(30): truncated value with size 32 to match size of target (24) File: C:/Users/crist/OneDrive/Documentos/GitHub/entrega-1-proyecto-grupo21-2024-1/Sensores/contadorFR.v Line: 30
Info (13000): Registers with preset signals will power-up high File: C:/Users/crist/OneDrive/Documentos/GitHub/entrega-1-proyecto-grupo21-2024-1/Sensores/dht.v Line: 21
Info (13003): DEV_CLRn pin will set, and not reset, register with preset signal due to NOT Gate Push-Back
Warning (13024): Output pins are stuck at VCC or GND
    Warning (13410): Pin "valid_data" is stuck at VCC File: C:/Users/crist/OneDrive/Documentos/GitHub/entrega-1-proyecto-grupo21-2024-1/Sensores/top.v Line: 5
Info (286030): Timing-Driven Synthesis is running
Info (17049): 5 registers lost all their fanouts during netlist optimizations.
Info (144001): Generated suppressed messages file C:/Users/crist/OneDrive/Documentos/GitHub/entrega-1-proyecto-grupo21-2024-1/Sensores/output_files/dht.map.smsg
Info (16010): Generating hard_block partition "hard_block:auto_generated_inst"
    Info (16011): Adding 0 node(s), including 0 DDIO, 0 PLL, 0 transceiver and 0 LCELL
Info (21057): Implemented 294 device resources after synthesis - the final resource count might be different
    Info (21058): Implemented 4 input pins
    Info (21059): Implemented 4 output pins
    Info (21060): Implemented 1 bidirectional pins
    Info (21061): Implemented 285 logic cells
Info: Quartus Prime Analysis & Synthesis was successful. 0 errors, 17 warnings
    Info: Peak virtual memory: 4734 megabytes
    Info: Processing ended: Fri Sep 13 08:52:54 2024
    Info: Elapsed time: 00:00:20
    Info: Total CPU time (on all processors): 00:00:48


+------------------------------------------+
; Analysis & Synthesis Suppressed Messages ;
+------------------------------------------+
The suppressed messages can be found in C:/Users/crist/OneDrive/Documentos/GitHub/entrega-1-proyecto-grupo21-2024-1/Sensores/output_files/dht.map.smsg.


