------------------------------------------------------------
Timing Analyzer Summary
------------------------------------------------------------

Type  : Slow 1200mV 85C Model Setup 'ili9341_controller:ili9341|data_byte_flag'
Slack : -9.404
TNS   : -197.749

Type  : Slow 1200mV 85C Model Setup 'freq_divider:freq_divider20MHz|clk_out'
Slack : -8.031
TNS   : -316.247

Type  : Slow 1200mV 85C Model Setup 'clk'
Slack : -1.531
TNS   : -1.531

Type  : Slow 1200mV 85C Model Hold 'freq_divider:freq_divider20MHz|clk_out'
Slack : 0.436
TNS   : 0.000

Type  : Slow 1200mV 85C Model Hold 'clk'
Slack : 0.452
TNS   : 0.000

Type  : Slow 1200mV 85C Model Hold 'ili9341_controller:ili9341|data_byte_flag'
Slack : 0.453
TNS   : 0.000

Type  : Slow 1200mV 85C Model Minimum Pulse Width 'clk'
Slack : -3.000
TNS   : -7.461

Type  : Slow 1200mV 85C Model Minimum Pulse Width 'freq_divider:freq_divider20MHz|clk_out'
Slack : -1.487
TNS   : -107.064

Type  : Slow 1200mV 85C Model Minimum Pulse Width 'ili9341_controller:ili9341|data_byte_flag'
Slack : -1.487
TNS   : -46.097

Type  : Slow 1200mV 0C Model Setup 'ili9341_controller:ili9341|data_byte_flag'
Slack : -8.897
TNS   : -185.615

Type  : Slow 1200mV 0C Model Setup 'freq_divider:freq_divider20MHz|clk_out'
Slack : -7.644
TNS   : -294.494

Type  : Slow 1200mV 0C Model Setup 'clk'
Slack : -1.393
TNS   : -1.393

Type  : Slow 1200mV 0C Model Hold 'freq_divider:freq_divider20MHz|clk_out'
Slack : 0.362
TNS   : 0.000

Type  : Slow 1200mV 0C Model Hold 'clk'
Slack : 0.401
TNS   : 0.000

Type  : Slow 1200mV 0C Model Hold 'ili9341_controller:ili9341|data_byte_flag'
Slack : 0.401
TNS   : 0.000

Type  : Slow 1200mV 0C Model Minimum Pulse Width 'clk'
Slack : -3.000
TNS   : -7.461

Type  : Slow 1200mV 0C Model Minimum Pulse Width 'freq_divider:freq_divider20MHz|clk_out'
Slack : -1.487
TNS   : -107.064

Type  : Slow 1200mV 0C Model Minimum Pulse Width 'ili9341_controller:ili9341|data_byte_flag'
Slack : -1.487
TNS   : -46.097

Type  : Fast 1200mV 0C Model Setup 'ili9341_controller:ili9341|data_byte_flag'
Slack : -3.738
TNS   : -73.855

Type  : Fast 1200mV 0C Model Setup 'freq_divider:freq_divider20MHz|clk_out'
Slack : -2.916
TNS   : -99.121

Type  : Fast 1200mV 0C Model Setup 'clk'
Slack : -0.424
TNS   : -0.424

Type  : Fast 1200mV 0C Model Hold 'freq_divider:freq_divider20MHz|clk_out'
Slack : 0.089
TNS   : 0.000

Type  : Fast 1200mV 0C Model Hold 'clk'
Slack : 0.186
TNS   : 0.000

Type  : Fast 1200mV 0C Model Hold 'ili9341_controller:ili9341|data_byte_flag'
Slack : 0.186
TNS   : 0.000

Type  : Fast 1200mV 0C Model Minimum Pulse Width 'clk'
Slack : -3.000
TNS   : -6.192

Type  : Fast 1200mV 0C Model Minimum Pulse Width 'freq_divider:freq_divider20MHz|clk_out'
Slack : -1.000
TNS   : -72.000

Type  : Fast 1200mV 0C Model Minimum Pulse Width 'ili9341_controller:ili9341|data_byte_flag'
Slack : -1.000
TNS   : -31.000

------------------------------------------------------------
